
Discarded input sections

 .data          0x0000000000000000        0x0 arch/arm/cpu/armv8/start.o
 .bss           0x0000000000000000        0x0 arch/arm/cpu/armv8/start.o
 .text.set_pgtable_section
                0x0000000000000000       0x14 arch/arm/cpu/armv8/built-in.o
 .text.dcache_status
                0x0000000000000000       0x34 arch/arm/cpu/armv8/built-in.o
 .text.icache_status
                0x0000000000000000       0x34 arch/arm/cpu/armv8/built-in.o
 .text.enable_caches
                0x0000000000000000       0x14 arch/arm/cpu/armv8/built-in.o
 .data          0x0000000000000000        0x0 arch/arm/cpu/armv8/built-in.o
 .bss           0x0000000000000000        0x0 arch/arm/cpu/armv8/built-in.o
 .text          0x0000000000000000        0x0 arch/arm/cpu/armv8/rk33xx/built-in.o
 .text.get_usec_timer
                0x0000000000000000       0xb8 arch/arm/cpu/armv8/rk33xx/built-in.o
 .text.get_tbclk
                0x0000000000000000        0x8 arch/arm/cpu/armv8/rk33xx/built-in.o
 .text.rkclk_set_pll_rate_by_id
                0x0000000000000000       0x28 arch/arm/cpu/armv8/rk33xx/built-in.o
 .text.rkclk_get_pll_rate_by_id
                0x0000000000000000        0x4 arch/arm/cpu/armv8/rk33xx/built-in.o
 .text.rkclk_get_sdhci_emmc_clk
                0x0000000000000000       0x84 arch/arm/cpu/armv8/rk33xx/built-in.o
 .text.rkclk_set_mmc_clk_freq
                0x0000000000000000      0x1b0 arch/arm/cpu/armv8/rk33xx/built-in.o
 .text.rkclk_set_mmc_tuning
                0x0000000000000000        0x8 arch/arm/cpu/armv8/rk33xx/built-in.o
 .text.rkclk_get_spi_clk
                0x0000000000000000       0x8c arch/arm/cpu/armv8/rk33xx/built-in.o
 .text.rkcru_pcie_soft_reset
                0x0000000000000000       0x8c arch/arm/cpu/armv8/rk33xx/built-in.o
 .text.gic_set_irq_type
                0x0000000000000000       0xac arch/arm/cpu/armv8/rk33xx/built-in.o
 .text.gpio_irq_set_type
                0x0000000000000000      0x124 arch/arm/cpu/armv8/rk33xx/built-in.o
 .text.irq_set_irq_type
                0x0000000000000000       0x38 arch/arm/cpu/armv8/rk33xx/built-in.o
 .rodata.__func__.5380
                0x0000000000000000       0x18 arch/arm/cpu/armv8/rk33xx/built-in.o
 .rodata.gic_set_irq_type
                0x0000000000000000        0x8 arch/arm/cpu/armv8/rk33xx/built-in.o
 .rodata.gpio_irq_set_type
                0x0000000000000000        0x8 arch/arm/cpu/armv8/rk33xx/built-in.o
 .data          0x0000000000000000        0x0 arch/arm/cpu/armv8/rk33xx/built-in.o
 .bss           0x0000000000000000        0x0 arch/arm/cpu/armv8/rk33xx/built-in.o
 .text.flush_cache
                0x0000000000000000        0x4 arch/arm/lib/built-in.o
 .text.flush_dcache_all
                0x0000000000000000        0xc arch/arm/lib/built-in.o
 .text.enable_caches
                0x0000000000000000        0xc arch/arm/lib/built-in.o
 .data          0x0000000000000000        0x0 arch/arm/lib/built-in.o
 .__secure_start
                0x0000000000000000        0x0 arch/arm/lib/built-in.o
 .__end         0x0000000000000000        0x0 arch/arm/lib/built-in.o
 .__secure_end  0x0000000000000000        0x0 arch/arm/lib/built-in.o
 .bss           0x0000000000000000        0x0 arch/arm/lib/built-in.o
 .text          0x0000000000000000        0x0 board/rockchip/common/built-in.o
 .text.P_RC4_ext
                0x0000000000000000      0x10c board/rockchip/common/built-in.o
 .text.DRVDelayMs
                0x0000000000000000        0xc board/rockchip/common/built-in.o
 .text.EmmcPowerEn
                0x0000000000000000       0x44 board/rockchip/common/built-in.o
 .text.SCUSetSDClkFreq
                0x0000000000000000        0x8 board/rockchip/common/built-in.o
 .text.SCUSetTuning
                0x0000000000000000        0x8 board/rockchip/common/built-in.o
 .text.dump_disk_partitions
                0x0000000000000000       0x7c board/rockchip/common/built-in.o
 .text.rkidb_get_rc4_flag
                0x0000000000000000       0x54 board/rockchip/common/built-in.o
 .text.rkidb_get_mac_address
                0x0000000000000000       0x98 board/rockchip/common/built-in.o
 .text.rkidb_erase_drm_key
                0x0000000000000000       0x50 board/rockchip/common/built-in.o
 .text.rkkey_power_state
                0x0000000000000000       0x48 board/rockchip/common/built-in.o
 .text.rkkey_get_powerkey
                0x0000000000000000       0x18 board/rockchip/common/built-in.o
 .text.powerOff
                0x0000000000000000       0x28 board/rockchip/common/built-in.o
 .text.get_exit_uboot_charge_level
                0x0000000000000000       0x64 board/rockchip/common/built-in.o
 .text.board_fbt_exit_uboot_charge
                0x0000000000000000       0xf8 board/rockchip/common/built-in.o
 .text._MMCDoTuning.part.0
                0x0000000000000000       0xd8 board/rockchip/common/built-in.o
 .text.MMC_GetMID
                0x0000000000000000       0x4c board/rockchip/common/built-in.o
[...]
Memory Configuration

Name             Origin             Length             Attributes
*default*        0x0000000000000000 0xffffffffffffffff

Linker script and memory map

Address of section .text set to 0x200000
                0x0000000000000000                . = 0x0
                0x0000000000000000                . = ALIGN (0x8)

.text           0x0000000000200000    0x4a33c
 *(.__image_copy_start)
 .__image_copy_start
                0x0000000000200000        0x0 arch/arm/lib/built-in.o
                0x0000000000200000                __image_copy_start
 arch/arm/cpu/armv8/start.o(.text*)
 .text          0x0000000000200000      0x3a8 arch/arm/cpu/armv8/start.o
                0x0000000000200000                _start
                0x0000000000200008                RSA_KEY_TAG
                0x000000000020000c                RSA_KEY_LENGTH
                0x0000000000200010                RSA_KEY_DATA
                0x0000000000200208                LoaderTagCheck
                0x0000000000200220                _TEXT_BASE
                0x0000000000200228                _end_ofs
                0x0000000000200230                _bss_start_ofs
                0x0000000000200238                _bss_end_ofs
                0x00000000002002c8                apply_core_errata
                0x00000000002002ec                lowlevel_init
                0x0000000000200334                smp_kick_all_cpus
                0x0000000000200348                c_runtime_cpu_setup
 *(.text*)
 *fill*         0x00000000002003a8      0x458 
 .text          0x0000000000200800     0x1264 arch/arm/cpu/armv8/built-in.o
                0x0000000000200800                vectors
                0x0000000000201800                __asm_flush_dcache_level
                0x0000000000201864                __asm_dcache_all
                0x00000000002018c4                __asm_flush_dcache_all
                0x00000000002018d8                __asm_invalidate_dcache_all
                0x00000000002018ec                __asm_flush_dcache_range
                0x0000000000201920                __asm_invalidate_icache_all
                0x000000000020192c                __asm_invalidate_tlb_all
                0x0000000000201978                armv8_switch_to_el2
                0x00000000002019d8                armv8_switch_to_el1
 .text.cleanup_before_linux
                0x0000000000201a64       0x24 arch/arm/cpu/armv8/built-in.o
                0x0000000000201a64                cleanup_before_linux
 .text.invalidate_dcache_all
                0x0000000000201a88        0x4 arch/arm/cpu/armv8/built-in.o
                0x0000000000201a88                invalidate_dcache_all
 .text.flush_l3_cache
                0x0000000000201a8c        0x4 arch/arm/cpu/armv8/built-in.o
                0x0000000000201a8c                flush_l3_cache
 .text.flush_dcache_all
                0x0000000000201a90       0x14 arch/arm/cpu/armv8/built-in.o
                0x0000000000201a90                flush_dcache_all
 .text.invalidate_dcache_range
                0x0000000000201aa4        0x4 arch/arm/cpu/armv8/built-in.o
                0x0000000000201aa4                invalidate_dcache_range
 .text.flush_dcache_range
                0x0000000000201aa8        0x4 arch/arm/cpu/armv8/built-in.o
                0x0000000000201aa8                flush_dcache_range
 .text.dcache_enable
                0x0000000000201aac      0x20c arch/arm/cpu/armv8/built-in.o
                0x0000000000201aac                dcache_enable
 .text.dcache_disable
                0x0000000000201cb8       0x88 arch/arm/cpu/armv8/built-in.o
                0x0000000000201cb8                dcache_disable
 .text.icache_enable
                0x0000000000201d40       0x74 arch/arm/cpu/armv8/built-in.o
                0x0000000000201d40                icache_enable
 .text.icache_disable
                0x0000000000201db4       0x64 arch/arm/cpu/armv8/built-in.o
                0x0000000000201db4                icache_disable
 .text.invalidate_icache_all
                0x0000000000201e18        0x4 arch/arm/cpu/armv8/built-in.o
                0x0000000000201e18                invalidate_icache_all
 .text.flush_cache
                0x0000000000201e1c        0x8 arch/arm/cpu/armv8/built-in.o
                0x0000000000201e1c                flush_cache
 .text.enable_caches
                0x0000000000201e24       0x14 arch/arm/cpu/armv8/rk33xx/built-in.o
                0x0000000000201e24                enable_caches
 .text.rk_get_bootrom_chip_version
                0x0000000000201e38       0x2c arch/arm/cpu/armv8/rk33xx/built-in.o
                0x0000000000201e38                rk_get_bootrom_chip_version
 .text.rk_get_chiptype
                0x0000000000201e64       0x24 arch/arm/cpu/armv8/rk33xx/built-in.o
                0x0000000000201e64                rk_get_chiptype
 .text.rk_get_cpu_version
                0x0000000000201e88        0x8 arch/arm/cpu/armv8/rk33xx/built-in.o
                0x0000000000201e88                rk_get_cpu_version
 .text.arch_cpu_init
                0x0000000000201e90       0x50 arch/arm/cpu/armv8/rk33xx/built-in.o
                0x0000000000201e90                arch_cpu_init
 .text.print_cpuinfo
                0x0000000000201ee0       0x58 arch/arm/cpu/armv8/rk33xx/built-in.o
                0x0000000000201ee0                print_cpuinfo
 .text.reset_timer_masked
                0x0000000000201f38       0x1c arch/arm/cpu/armv8/rk33xx/built-in.o
                0x0000000000201f38                reset_timer_masked
 .text.timer_init
                0x0000000000201f54       0x34 arch/arm/cpu/armv8/rk33xx/built-in.o
                0x0000000000201f54                timer_init
 .text.__udelay
                0x0000000000201f88       0xa0 arch/arm/cpu/armv8/rk33xx/built-in.o
                0x0000000000201f88                __udelay
 .text.get_timer_masked
                0x0000000000202028       0xa4 arch/arm/cpu/armv8/rk33xx/built-in.o
                0x0000000000202028                get_timer_masked
 .text.get_timer
                0x00000000002020cc       0x24 arch/arm/cpu/armv8/rk33xx/built-in.o
                0x00000000002020cc                get_timer
 .text.get_ticks
                0x00000000002020f0        0x4 arch/arm/cpu/armv8/rk33xx/built-in.o
                0x00000000002020f0                get_ticks
 .text.rkclk_pll_get_rate
                0x00000000002020f4      0x188 arch/arm/cpu/armv8/rk33xx/built-in.o
 .text.rkclk_pll_set_mode
                0x000000000020227c       0x9c arch/arm/cpu/armv8/rk33xx/built-in.o
 .text.rkclk_aplll_cb
                0x0000000000202318       0x74 arch/arm/cpu/armv8/rk33xx/built-in.o
 .text.rkclk_ppll_cb
                0x000000000020238c       0x18 arch/arm/cpu/armv8/rk33xx/built-in.o
 .text.rkclk_gpll_cb
                0x00000000002023a4       0x40 arch/arm/cpu/armv8/rk33xx/built-in.o
 .text.rkclk_pll_wait_lock
                0x00000000002023e4       0x90 arch/arm/cpu/armv8/rk33xx/built-in.o
 .text.rkclk_pll_set_rate
                0x0000000000202474      0x17c arch/arm/cpu/armv8/rk33xx/built-in.o
 .text.rkclk_pll_mode
                0x00000000002025f0       0xc4 arch/arm/cpu/armv8/rk33xx/built-in.o
                0x00000000002025f0                rkclk_pll_mode
 .text.rkclk_set_pll
                0x00000000002026b4      0x228 arch/arm/cpu/armv8/rk33xx/built-in.o
                0x00000000002026b4                rkclk_set_pll
 .text.rkclk_get_pll
                0x00000000002028dc      0x168 arch/arm/cpu/armv8/rk33xx/built-in.o
                0x00000000002028dc                rkclk_get_pll
 .text.rkclk_pll_set_any_freq
                0x0000000000202a44      0x324 arch/arm/cpu/armv8/rk33xx/built-in.o
                0x0000000000202a44                rkclk_pll_set_any_freq
 .text.rkclk_dump_pll
                0x0000000000202d68       0xfc arch/arm/cpu/armv8/rk33xx/built-in.o
                0x0000000000202d68                rkclk_dump_pll
 .text.rkclk_lcdc_dclk_pll_sel
                0x0000000000202e64       0x4c arch/arm/cpu/armv8/rk33xx/built-in.o
                0x0000000000202e64                rkclk_lcdc_dclk_pll_sel
 .text.rkclk_lcdc_clk_set
                0x0000000000202eb0      0x194 arch/arm/cpu/armv8/rk33xx/built-in.o
                0x0000000000202eb0                rkclk_lcdc_clk_set
 .text.rkclk_set_sdhci_emmc_clk
                0x0000000000203044       0x88 arch/arm/cpu/armv8/rk33xx/built-in.o
                0x0000000000203044                rkclk_set_sdhci_emmc_clk
 .text.rkclk_set_mmc_clk_src
                0x00000000002030cc       0x4c arch/arm/cpu/armv8/rk33xx/built-in.o
                0x00000000002030cc                rkclk_set_mmc_clk_src
 .text.rkclk_get_mmc_clk
                0x0000000000203118       0x64 arch/arm/cpu/armv8/rk33xx/built-in.o
                0x0000000000203118                rkclk_get_mmc_clk
 .text.rkclk_get_mmc_freq_from_gpll
                0x000000000020317c       0x30 arch/arm/cpu/armv8/rk33xx/built-in.o
                0x000000000020317c                rkclk_get_mmc_freq_from_gpll
 .text.rkclk_set_mmc_clk_div
                0x00000000002031ac       0x48 arch/arm/cpu/armv8/rk33xx/built-in.o
                0x00000000002031ac                rkclk_set_mmc_clk_div
 .text.rkclk_disable_mmc_tuning
                0x00000000002031f4        0x8 arch/arm/cpu/armv8/rk33xx/built-in.o
                0x00000000002031f4                rkclk_disable_mmc_tuning
 .text.rkclk_get_pwm_clk
                0x00000000002031fc       0xa8 arch/arm/cpu/armv8/rk33xx/built-in.o
                0x00000000002031fc                rkclk_get_pwm_clk
 .text.rkclk_get_i2c_clk
                0x00000000002032a4      0x118 arch/arm/cpu/armv8/rk33xx/built-in.o
                0x00000000002032a4                rkclk_get_i2c_clk
 .text.rkcru_cpu_soft_reset
                0x00000000002033bc       0x28 arch/arm/cpu/armv8/rk33xx/built-in.o
                0x00000000002033bc                rkcru_cpu_soft_reset
 .text.rkcru_mmc_soft_reset
                0x00000000002033e4       0x60 arch/arm/cpu/armv8/rk33xx/built-in.o
                0x00000000002033e4                rkcru_mmc_soft_reset
 .text.rkcru_i2c_soft_reset
                0x0000000000203444       0x60 arch/arm/cpu/armv8/rk33xx/built-in.o
                0x0000000000203444                rkcru_i2c_soft_reset
 .text.gic_handler_enable
                0x00000000002034a4       0x4c arch/arm/cpu/armv8/rk33xx/built-in.o
 .text.gic_handler_disable
                0x00000000002034f0       0x4c arch/arm/cpu/armv8/rk33xx/built-in.o
 .text.gpio_irq_disable
                0x000000000020353c       0x5c arch/arm/cpu/armv8/rk33xx/built-in.o
 .text.gpio_irq_enable
                0x0000000000203598       0x5c arch/arm/cpu/armv8/rk33xx/built-in.o
 .text.gpio_irq_handler
                0x00000000002035f4      0x138 arch/arm/cpu/armv8/rk33xx/built-in.o
 .text.irq_handler_enable
                0x000000000020372c       0x38 arch/arm/cpu/armv8/rk33xx/built-in.o
                0x000000000020372c                irq_handler_enable
 .text.irq_handler_disable
                0x0000000000203764       0x38 arch/arm/cpu/armv8/rk33xx/built-in.o
                0x0000000000203764                irq_handler_disable
 .text.irq_install_handler
                0x000000000020379c       0x48 arch/arm/cpu/armv8/rk33xx/built-in.o
                0x000000000020379c                irq_install_handler
 .text.irq_uninstall_handler
                0x00000000002037e4       0x18 arch/arm/cpu/armv8/rk33xx/built-in.o
                0x00000000002037e4                irq_uninstall_handler
 .text.enable_interrupts
                0x00000000002037fc        0x8 arch/arm/cpu/armv8/rk33xx/built-in.o
                0x00000000002037fc                enable_interrupts
 .text.disable_interrupts
                0x0000000000203804        0xc arch/arm/cpu/armv8/rk33xx/built-in.o
                0x0000000000203804                disable_interrupts
 .text.do_irq   0x0000000000203810       0x4c arch/arm/cpu/armv8/rk33xx/built-in.o
                0x0000000000203810                do_irq
 .text.arch_interrupt_init
                0x000000000020385c       0xb8 arch/arm/cpu/armv8/rk33xx/built-in.o
                0x000000000020385c                arch_interrupt_init
 .text.interrupt_init
                0x0000000000203914        0x4 arch/arm/cpu/armv8/rk33xx/built-in.o
                0x0000000000203914                interrupt_init
 .text.dram_bank_reserve
                0x0000000000203918      0x1e0 arch/arm/cpu/armv8/rk33xx/built-in.o
 .text.dram_init
                0x0000000000203af8       0xa0 arch/arm/cpu/armv8/rk33xx/built-in.o
                0x0000000000203af8                dram_init
 .text.dram_init_banksize
                0x0000000000203b98      0x218 arch/arm/cpu/armv8/rk33xx/built-in.o
                0x0000000000203b98                dram_init_banksize
 .text.rk_iomux_sdcard_save
                0x0000000000203db0       0x28 arch/arm/cpu/armv8/rk33xx/built-in.o
                0x0000000000203db0                rk_iomux_sdcard_save
 .text.rk_iomux_sdcard_restore
                0x0000000000203dd8       0x1c arch/arm/cpu/armv8/rk33xx/built-in.o
                0x0000000000203dd8                rk_iomux_sdcard_restore
 .text.rk_iomux_config
                0x0000000000203df4      0x268 arch/arm/cpu/armv8/rk33xx/built-in.o
                0x0000000000203df4                rk_iomux_config
 .text.rk_module_deinit
                0x000000000020405c       0x18 arch/arm/cpu/armv8/rk33xx/built-in.o
                0x000000000020405c                rk_module_deinit
 .text.reset_cpu
                0x0000000000204074       0x28 arch/arm/cpu/armv8/rk33xx/built-in.o
                0x0000000000204074                reset_cpu
 *fill*         0x000000000020409c        0x4 
 .text          0x00000000002040a0      0x290 arch/arm/lib/built-in.o
                0x00000000002040a0                _main
                0x0000000000204120                relocate_code
                0x00000000002041f8                gic_init_secure
                0x000000000020422c                gic_init_secure_percpu
                0x000000000020430c                gic_kick_secondary_cpus
                0x000000000020431c                gic_wait_for_interrupt
 .text.arch_fixup_fdt
                0x0000000000204330      0x104 arch/arm/lib/built-in.o
                0x0000000000204330                arch_fixup_fdt
 .text.boot_jump_linux
                0x0000000000204434       0x8c arch/arm/lib/built-in.o
 .text.arch_lmb_reserve
                0x00000000002044c0       0x24 arch/arm/lib/built-in.o
                0x00000000002044c0                arch_lmb_reserve
 .text.setup_board_tags
                0x00000000002044e4        0x4 arch/arm/lib/built-in.o
                0x00000000002044e4                setup_board_tags
 .text.boot_prep_linux
                0x00000000002044e8      0x184 arch/arm/lib/built-in.o
 .text.do_bootm_linux
                0x000000000020466c       0x74 arch/arm/lib/built-in.o
                0x000000000020466c                do_bootm_linux
 .text.arch_reserve_stacks
                0x00000000002046e0       0x10 arch/arm/lib/built-in.o
                0x00000000002046e0                arch_reserve_stacks
 .text.show_regs
                0x00000000002046f0       0x84 arch/arm/lib/built-in.o
                0x00000000002046f0                show_regs
 .text.do_bad_sync
                0x0000000000204774       0x30 arch/arm/lib/built-in.o
                0x0000000000204774                do_bad_sync
 .text.do_bad_irq
                0x00000000002047a4       0x30 arch/arm/lib/built-in.o
                0x00000000002047a4                do_bad_irq
 .text.do_bad_fiq
                0x00000000002047d4       0x30 arch/arm/lib/built-in.o
                0x00000000002047d4                do_bad_fiq
 .text.do_bad_error
                0x0000000000204804       0x30 arch/arm/lib/built-in.o
                0x0000000000204804                do_bad_error
 .text.do_sync  0x0000000000204834       0x30 arch/arm/lib/built-in.o
                0x0000000000204834                do_sync
 .text.do_fiq   0x0000000000204864       0x30 arch/arm/lib/built-in.o
                0x0000000000204864                do_fiq
 .text.do_error
                0x0000000000204894       0x30 arch/arm/lib/built-in.o
                0x0000000000204894                do_error
 .text.reset_misc
                0x00000000002048c4        0x4 arch/arm/lib/built-in.o
                0x00000000002048c4                reset_misc
 .text.do_reset
                0x00000000002048c8       0x38 arch/arm/lib/built-in.o
                0x00000000002048c8                do_reset
 .text.CRC_32CheckBuffer
                0x0000000000204900       0x6c board/rockchip/common/built-in.o
                0x0000000000204900                CRC_32CheckBuffer
 .text.dmult    0x000000000020496c       0x60 board/rockchip/common/built-in.o
 .text.NN_Cmp   0x00000000002049cc       0x44 board/rockchip/common/built-in.o
                0x00000000002049cc                NN_Cmp
 .text.NN_Assign
                0x0000000000204a10       0x2c board/rockchip/common/built-in.o
                0x0000000000204a10                NN_Assign
 .text.NN_Digits
                0x0000000000204a3c       0x34 board/rockchip/common/built-in.o
                0x0000000000204a3c                NN_Digits
 .text.NN_AssignZero
                0x0000000000204a70       0x28 board/rockchip/common/built-in.o
                0x0000000000204a70                NN_AssignZero
 .text.NN_Sub   0x0000000000204a98       0x5c board/rockchip/common/built-in.o
                0x0000000000204a98                NN_Sub
 .text.NN_Mult  0x0000000000204af4      0x134 board/rockchip/common/built-in.o
                0x0000000000204af4                NN_Mult
 .text.NN_LShift
                0x0000000000204c28       0x60 board/rockchip/common/built-in.o
                0x0000000000204c28                NN_LShift
 .text.NN_RShift
                0x0000000000204c88       0x50 board/rockchip/common/built-in.o
                0x0000000000204c88                NN_RShift
 .text.NN_Div   0x0000000000204cd8      0x390 board/rockchip/common/built-in.o
                0x0000000000204cd8                NN_Div
 .text.NN_Mod   0x0000000000205068       0x3c board/rockchip/common/built-in.o
                0x0000000000205068                NN_Mod
 .text.NN_ModMult
                0x00000000002050a4       0x48 board/rockchip/common/built-in.o
                0x00000000002050a4                NN_ModMult
 .text.NN_ModExp
                0x00000000002050ec      0x188 board/rockchip/common/built-in.o
                0x00000000002050ec                NN_ModExp
 .text.NN_Decode
                0x0000000000205274       0x78 board/rockchip/common/built-in.o
                0x0000000000205274                NN_Decode
 .text.NN_Encode
                0x00000000002052ec       0x6c board/rockchip/common/built-in.o
                0x00000000002052ec                NN_Encode
 .text.rsapublicfunc.constprop.7
                0x0000000000205358      0x134 board/rockchip/common/built-in.o
 .text.rsaDecodeHash
                0x000000000020548c       0x6c board/rockchip/common/built-in.o
                0x000000000020548c                rsaDecodeHash
 .text.rsaCheckMD5
                0x00000000002054f8       0x84 board/rockchip/common/built-in.o
                0x00000000002054f8                rsaCheckMD5
 .text.blk_SHA1_Block
                0x000000000020557c     0x13e8 board/rockchip/common/built-in.o
 .text.SHA_init
                0x0000000000206964       0x44 board/rockchip/common/built-in.o
                0x0000000000206964                SHA_init
 .text.SHA_update
                0x00000000002069a8       0xdc board/rockchip/common/built-in.o
                0x00000000002069a8                SHA_update
 .text.SHA_final
                0x0000000000206a84       0xdc board/rockchip/common/built-in.o
                0x0000000000206a84                SHA_final
 .text.P_RC4    0x0000000000206b60      0x11c board/rockchip/common/built-in.o
                0x0000000000206b60                P_RC4
 .text.ftl_memset
                0x0000000000206c7c        0x8 board/rockchip/common/built-in.o
                0x0000000000206c7c                ftl_memset
 .text.ftl_memcpy
                0x0000000000206c84       0x40 board/rockchip/common/built-in.o
                0x0000000000206c84                ftl_memcpy
 .text.ftl_memcmp
                0x0000000000206cc4        0x8 board/rockchip/common/built-in.o
                0x0000000000206cc4                ftl_memcmp
 .text.DRVDelayUs
                0x0000000000206ccc        0x8 board/rockchip/common/built-in.o
                0x0000000000206ccc                DRVDelayUs
 .text.CacheFlushDRegion
                0x0000000000206cd4        0xc board/rockchip/common/built-in.o
                0x0000000000206cd4                CacheFlushDRegion
 .text.CacheInvalidateDRegion
                0x0000000000206ce0       0x10 board/rockchip/common/built-in.o
                0x0000000000206ce0                CacheInvalidateDRegion
 .text.IReadLoaderFlag
                0x0000000000206cf0       0x10 board/rockchip/common/built-in.o
                0x0000000000206cf0                IReadLoaderFlag
 .text.ISetLoaderFlag
                0x0000000000206d00       0x10 board/rockchip/common/built-in.o
                0x0000000000206d00                ISetLoaderFlag
 .text.GetMmcCLK
                0x0000000000206d10       0x1c board/rockchip/common/built-in.o
                0x0000000000206d10                GetMmcCLK
 .text.SDCReset
                0x0000000000206d2c       0x44 board/rockchip/common/built-in.o
                0x0000000000206d2c                SDCReset
 .text.SCUSelSDClk
                0x0000000000206d70        0x4 board/rockchip/common/built-in.o
                0x0000000000206d70                SCUSelSDClk
 .text.sdmmcGpioInit
                0x0000000000206d74       0x10 board/rockchip/common/built-in.o
                0x0000000000206d74                sdmmcGpioInit
 .text.FW_NandDeInit
                0x0000000000206d84       0x20 board/rockchip/common/built-in.o
                0x0000000000206d84                FW_NandDeInit
 .text.rkplat_uart2UsbEn
                0x0000000000206da4        0x4 board/rockchip/common/built-in.o
                0x0000000000206da4                rkplat_uart2UsbEn
 .text.ParseAtoi
                0x0000000000206da8       0xb4 board/rockchip/common/built-in.o
 .text.memparse
                0x0000000000206e5c       0x70 board/rockchip/common/built-in.o
 .text.get_part
                0x0000000000206ecc      0x1e0 board/rockchip/common/built-in.o
 .text.find_mtd_part
                0x00000000002070ac       0x64 board/rockchip/common/built-in.o
 .text.CheckParam
                0x0000000000207110       0x84 board/rockchip/common/built-in.o
                0x0000000000207110                CheckParam
 .text.GetParam
                0x0000000000207194       0x70 board/rockchip/common/built-in.o
                0x0000000000207194                GetParam
 .text.ParseParam
                0x0000000000207204      0x6cc board/rockchip/common/built-in.o
                0x0000000000207204                ParseParam
 .text.get_disk_partition
                0x00000000002078d0       0x4c board/rockchip/common/built-in.o
                0x00000000002078d0                get_disk_partition
 .text.load_disk_partitions
                0x000000000020791c       0xa4 board/rockchip/common/built-in.o
                0x000000000020791c                load_disk_partitions
 .text.FindIDBlock.constprop.3
                0x00000000002079c0      0x13c board/rockchip/common/built-in.o
 .text.rkidb_update_loader
                0x0000000000207afc      0x90c board/rockchip/common/built-in.o
                0x0000000000207afc                rkidb_update_loader
 .text.rkidb_setup_space
                0x0000000000208408       0x48 board/rockchip/common/built-in.o
                0x0000000000208408                rkidb_setup_space
 .text.rkidb_get_idblk_data
                0x0000000000208450       0x34 board/rockchip/common/built-in.o
                0x0000000000208450                rkidb_get_idblk_data
 .text.rkidb_get_bootloader_ver
                0x0000000000208484       0x88 board/rockchip/common/built-in.o
                0x0000000000208484                rkidb_get_bootloader_ver
 .text.rkidb_get_sn
                0x000000000020850c       0x70 board/rockchip/common/built-in.o
                0x000000000020850c                rkidb_get_sn
 .text.rkidb_get_hdcp_key
                0x000000000020857c       0x54 board/rockchip/common/built-in.o
                0x000000000020857c                rkidb_get_hdcp_key
 .text.rkloader_CopyFlash2Memory
                0x00000000002085d0       0xac board/rockchip/common/built-in.o
                0x00000000002085d0                rkloader_CopyFlash2Memory
 .text.rkloader_CopyMemory2Flash
                0x000000000020867c       0x78 board/rockchip/common/built-in.o
                0x000000000020867c                rkloader_CopyMemory2Flash
 .text.rkloader_change_cmd_for_recovery
                0x00000000002086f4      0x114 board/rockchip/common/built-in.o
                0x00000000002086f4                rkloader_change_cmd_for_recovery
 .text.rkloader_run_misc_cmd
                0x0000000000208808      0x250 board/rockchip/common/built-in.o
                0x0000000000208808                rkloader_run_misc_cmd
 .text.rkloader_fixInitrd
                0x0000000000208a58       0xdc board/rockchip/common/built-in.o
                0x0000000000208a58                rkloader_fixInitrd
 .text.rkloader_set_bootloader_msg
                0x0000000000208b34       0x70 board/rockchip/common/built-in.o
                0x0000000000208b34                rkloader_set_bootloader_msg
 .text.rkimg_load_image
                0x0000000000208ba4       0xc0 board/rockchip/common/built-in.o
 .text.rkimg_handleDirectDownload
                0x0000000000208c64       0x9c board/rockchip/common/built-in.o
 .text.rkimg_handleSparseDownload
                0x0000000000208d00      0x1d4 board/rockchip/common/built-in.o
 .text.rkimage_load_image
                0x0000000000208ed4       0x84 board/rockchip/common/built-in.o
                0x0000000000208ed4                rkimage_load_image
 .text.rkimage_partition_erase
                0x0000000000208f58       0x20 board/rockchip/common/built-in.o
                0x0000000000208f58                rkimage_partition_erase
 .text.rkimage_store_image
                0x0000000000208f78      0x6fc board/rockchip/common/built-in.o
                0x0000000000208f78                rkimage_store_image
 .text.rkimage_handleDownload
                0x0000000000209674      0x1e0 board/rockchip/common/built-in.o
                0x0000000000209674                rkimage_handleDownload
 .text.rkimage_load_fdt
                0x0000000000209854      0x158 board/rockchip/common/built-in.o
                0x0000000000209854                rkimage_load_fdt
 .text.rkimage_load_fdt_ram
                0x00000000002099ac       0x90 board/rockchip/common/built-in.o
                0x00000000002099ac                rkimage_load_fdt_ram
 .text.rkimage_prepare_fdt
                0x0000000000209a3c       0x84 board/rockchip/common/built-in.o
                0x0000000000209a3c                rkimage_prepare_fdt
 .text.GetPortState
                0x0000000000209ac0       0xd0 board/rockchip/common/built-in.o
 .text.checkKey
                0x0000000000209b90       0x90 board/rockchip/common/built-in.o
                0x0000000000209b90                checkKey
 .text.RemotectlInit
                0x0000000000209c20       0x34 board/rockchip/common/built-in.o
                0x0000000000209c20                RemotectlInit
 .text.RemotectlDeInit
                0x0000000000209c54       0x24 board/rockchip/common/built-in.o
                0x0000000000209c54                RemotectlDeInit
 .text.key_init
                0x0000000000209c78      0x24c board/rockchip/common/built-in.o
                0x0000000000209c78                key_init
 .text.powerOn  0x0000000000209ec4       0x20 board/rockchip/common/built-in.o
                0x0000000000209ec4                powerOn
 .text.remotectl_do_something_readtime
                0x0000000000209ee4       0x60 board/rockchip/common/built-in.o
                0x0000000000209ee4                remotectl_do_something_readtime
 .text.remotectl_do_something
                0x0000000000209f44      0x19c board/rockchip/common/built-in.o
                0x0000000000209f44                remotectl_do_something
 .text.remotectlInitInDriver
                0x000000000020a0e0      0x104 board/rockchip/common/built-in.o
                0x000000000020a0e0                remotectlInitInDriver
 .text.board_fbt_run_recovery
                0x000000000020a1e4       0x50 board/rockchip/common/built-in.o
 .text.board_fbt_request_start_fastboot
                0x000000000020a234       0x68 board/rockchip/common/built-in.o
 .text.board_fbt_set_reboot_type
                0x000000000020a29c       0x8c board/rockchip/common/built-in.o
                0x000000000020a29c                board_fbt_set_reboot_type
 .text.board_fbt_get_reboot_type
                0x000000000020a328      0x16c board/rockchip/common/built-in.o
                0x000000000020a328                board_fbt_get_reboot_type
 .text.board_fbt_key_pressed
                0x000000000020a494      0x128 board/rockchip/common/built-in.o
                0x000000000020a494                board_fbt_key_pressed
 .text.board_fbt_finalize_bootargs
                0x000000000020a5bc       0x78 board/rockchip/common/built-in.o
                0x000000000020a5bc                board_fbt_finalize_bootargs
 .text.board_fbt_boot_failed
                0x000000000020a634       0xd8 board/rockchip/common/built-in.o
                0x000000000020a634                board_fbt_boot_failed
 .text.board_fbt_oem
                0x000000000020a70c        0x8 board/rockchip/common/built-in.o
                0x000000000020a70c                board_fbt_oem
 .text.board_fbt_handle_erase
                0x000000000020a714        0x4 board/rockchip/common/built-in.o
                0x000000000020a714                board_fbt_handle_erase
 .text.board_fbt_handle_flash
                0x000000000020a718        0x4 board/rockchip/common/built-in.o
                0x000000000020a718                board_fbt_handle_flash
 .text.board_fbt_handle_download
                0x000000000020a71c        0x4 board/rockchip/common/built-in.o
                0x000000000020a71c                board_fbt_handle_download
 .text.board_fbt_load_partition_table
                0x000000000020a720        0x4 board/rockchip/common/built-in.o
                0x000000000020a720                board_fbt_load_partition_table
 .text.board_fbt_get_partition
                0x000000000020a724        0x4 board/rockchip/common/built-in.o
                0x000000000020a724                board_fbt_get_partition
 .text.board_fbt_run_recovery_wipe_data
                0x000000000020a728       0x80 board/rockchip/common/built-in.o
                0x000000000020a728                board_fbt_run_recovery_wipe_data
 .text.board_fbt_preboot
                0x000000000020a7a8      0x274 board/rockchip/common/built-in.o
                0x000000000020a7a8                board_fbt_preboot
 .text.MMC_AccessBootPartition
                0x000000000020aa1c       0x6c board/rockchip/common/built-in.o
                0x000000000020aa1c                MMC_AccessBootPartition
 .text.MMC_SetBootBusWidth
                0x000000000020aa88       0x70 board/rockchip/common/built-in.o
                0x000000000020aa88                MMC_SetBootBusWidth
 .text.MMC_SwitchBoot
                0x000000000020aaf8       0x74 board/rockchip/common/built-in.o
                0x000000000020aaf8                MMC_SwitchBoot
 .text.MMC_Init
                0x000000000020ab6c      0x6b4 board/rockchip/common/built-in.o
                0x000000000020ab6c                MMC_Init
 .text._SD_DecodeCID
                0x000000000020b220       0x84 board/rockchip/common/built-in.o
 .text._SD_DecodeCSD
                0x000000000020b2a4       0xf0 board/rockchip/common/built-in.o
 .text.unlikely._SD_SwitchFunction
                0x000000000020b394      0x3b4 board/rockchip/common/built-in.o
 .text.SD1X_Init
                0x000000000020b748      0x1f4 board/rockchip/common/built-in.o
                0x000000000020b748                SD1X_Init
 .text.SD20_Init
                0x000000000020b93c      0x230 board/rockchip/common/built-in.o
                0x000000000020b93c                SD20_Init
 .text.unlikely._ReadRemainData
                0x000000000020bb6c       0xf0 board/rockchip/common/built-in.o
 .text._ControlClock
                0x000000000020bc5c       0xc4 board/rockchip/common/built-in.o
 .text._ChangeFreq
                0x000000000020bd20      0x170 board/rockchip/common/built-in.o
 .text._WaitCardBusy
                0x000000000020be90       0x68 board/rockchip/common/built-in.o
 .text.eMMC_SetDataHigh
                0x000000000020bef8       0x48 board/rockchip/common/built-in.o
                0x000000000020bef8                eMMC_SetDataHigh
 .text.SDC_IsCardIdValid
                0x000000000020bf40        0xc board/rockchip/common/built-in.o
                0x000000000020bf40                SDC_IsCardIdValid
 .text.SDC_IsCardWriteProtected
                0x000000000020bf4c        0x8 board/rockchip/common/built-in.o
                0x000000000020bf4c                SDC_IsCardWriteProtected
 .text.SDC_GetHostBusWidth
                0x000000000020bf54       0x24 board/rockchip/common/built-in.o
                0x000000000020bf54                SDC_GetHostBusWidth
 .text.SDC_SetHostBusWidth
                0x000000000020bf78       0x78 board/rockchip/common/built-in.o
                0x000000000020bf78                SDC_SetHostBusWidth
 .text.SDC_ResetController
                0x000000000020bff0      0x14c board/rockchip/common/built-in.o
                0x000000000020bff0                SDC_ResetController
 .text.SDC_Init
                0x000000000020c13c      0x130 board/rockchip/common/built-in.o
                0x000000000020c13c                SDC_Init
 .text.SDC_UpdateCardFreq
                0x000000000020c26c       0x40 board/rockchip/common/built-in.o
                0x000000000020c26c                SDC_UpdateCardFreq
 .text.SDC_ControlPower
                0x000000000020c2ac       0x34 board/rockchip/common/built-in.o
                0x000000000020c2ac                SDC_ControlPower
 .text.SDC_BusRequest
                0x000000000020c2e0      0xa34 board/rockchip/common/built-in.o
                0x000000000020c2e0                SDC_BusRequest
 .text._ResponseTimeoutHandle
                0x000000000020cd14       0xd4 board/rockchip/common/built-in.o
 .text._DataErrorHandle
                0x000000000020cde8       0xc4 board/rockchip/common/built-in.o
 .text._SDMMC_Write
                0x000000000020ceac      0x184 board/rockchip/common/built-in.o
 .text._SDMMC_Read
                0x000000000020d030      0x1ec board/rockchip/common/built-in.o
 .text._GenerateRCA
                0x000000000020d21c       0x3c board/rockchip/common/built-in.o
                0x000000000020d21c                _GenerateRCA
 .text._IsRCAUsable
                0x000000000020d258       0x38 board/rockchip/common/built-in.o
                0x000000000020d258                _IsRCAUsable
 .text._Identify_SendCmd
                0x000000000020d290        0x4 board/rockchip/common/built-in.o
                0x000000000020d290                _Identify_SendCmd
 .text._Identify_SendAppCmd
                0x000000000020d294       0x94 board/rockchip/common/built-in.o
                0x000000000020d294                _Identify_SendAppCmd
 .text.SDM_Init
                0x000000000020d328       0x60 board/rockchip/common/built-in.o
                0x000000000020d328                SDM_Init
 .text.SDM_Open
                0x000000000020d388       0x68 board/rockchip/common/built-in.o
                0x000000000020d388                SDM_Open
 .text.SDM_Read
                0x000000000020d3f0      0x164 board/rockchip/common/built-in.o
                0x000000000020d3f0                SDM_Read
 .text.SDM_Write
                0x000000000020d554      0x16c board/rockchip/common/built-in.o
                0x000000000020d554                SDM_Write
 .text.SDM_IOCtrl
                0x000000000020d6c0      0x50c board/rockchip/common/built-in.o
                0x000000000020d6c0                SDM_IOCtrl
 .text.SDOAM_Delay
                0x000000000020dbcc        0x4 board/rockchip/common/built-in.o
                0x000000000020dbcc                SDOAM_Delay
 .text.SDOAM_SendMsg
                0x000000000020dbd0        0x4 board/rockchip/common/built-in.o
                0x000000000020dbd0                SDOAM_SendMsg
 .text.SDOAM_CreateMutex
                0x000000000020dbd4       0x38 board/rockchip/common/built-in.o
                0x000000000020dbd4                SDOAM_CreateMutex
 .text.SDOAM_RequestMutex
                0x000000000020dc0c        0x4 board/rockchip/common/built-in.o
                0x000000000020dc0c                SDOAM_RequestMutex
 .text.SDOAM_ReleaseMutex
                0x000000000020dc10        0x4 board/rockchip/common/built-in.o
                0x000000000020dc10                SDOAM_ReleaseMutex
 .text.SDOAM_CreateEvent
                0x000000000020dc14       0x34 board/rockchip/common/built-in.o
                0x000000000020dc14                SDOAM_CreateEvent
 .text.SDPAM_FlushCache
                0x000000000020dc48        0x4 board/rockchip/common/built-in.o
                0x000000000020dc48                SDPAM_FlushCache
 .text.SDPAM_CleanCache
                0x000000000020dc4c        0x4 board/rockchip/common/built-in.o
                0x000000000020dc4c                SDPAM_CleanCache
 .text.SDPAM_InvalidateCache
                0x000000000020dc50        0x4 board/rockchip/common/built-in.o
                0x000000000020dc50                SDPAM_InvalidateCache
 .text.SDPAM_GetAHBFreq
                0x000000000020dc54        0x4 board/rockchip/common/built-in.o
                0x000000000020dc54                SDPAM_GetAHBFreq
 .text.SDPAM_SDCClkEnable
                0x000000000020dc58        0x4 board/rockchip/common/built-in.o
                0x000000000020dc58                SDPAM_SDCClkEnable
 .text.SDPAM_SDCReset
                0x000000000020dc5c       0x14 board/rockchip/common/built-in.o
                0x000000000020dc5c                SDPAM_SDCReset
 .text.SDPAM_SetMmcClkDiv
                0x000000000020dc70       0x14 board/rockchip/common/built-in.o
                0x000000000020dc70                SDPAM_SetMmcClkDiv
 .text.SDPAM_IOMUX_SetSDPort
                0x000000000020dc84        0x8 board/rockchip/common/built-in.o
                0x000000000020dc84                SDPAM_IOMUX_SetSDPort
 .text.SDPAM_ControlPower
                0x000000000020dc8c        0x4 board/rockchip/common/built-in.o
                0x000000000020dc8c                SDPAM_ControlPower
 .text.extract_uint32_bits
                0x000000000020dc90       0x60 board/rockchip/common/built-in.o
 .text.mmc_set_clock
                0x000000000020dcf0       0x34 board/rockchip/common/built-in.o
 .text.mmc_send_cmd
                0x000000000020dd24      0x1f4 board/rockchip/common/built-in.o
 .text.mmc_send_ext_csd
                0x000000000020df18      0x11c board/rockchip/common/built-in.o
 .text.mmc_go_idle.constprop.12
                0x000000000020e034       0x6c board/rockchip/common/built-in.o
 .text.mmc_send_status.constprop.15
                0x000000000020e0a0       0xd4 board/rockchip/common/built-in.o
 .text.mmc_switch.isra.2
                0x000000000020e174       0x90 board/rockchip/common/built-in.o
 .text.mmc_set_timing
                0x000000000020e204       0x1c board/rockchip/common/built-in.o
                0x000000000020e204                mmc_set_timing
 .text.mmc_startup.constprop.5
                0x000000000020e220      0xab4 board/rockchip/common/built-in.o
 .text.mmc_hs400_to_hs200
                0x000000000020ecd4       0xcc board/rockchip/common/built-in.o
                0x000000000020ecd4                mmc_hs400_to_hs200
 .text.mmc_retune
                0x000000000020eda0      0x17c board/rockchip/common/built-in.o
                0x000000000020eda0                mmc_retune
 .text.mmc_setup_media
                0x000000000020ef1c      0x208 board/rockchip/common/built-in.o
                0x000000000020ef1c                mmc_setup_media
 .text.block_mmc_read
                0x000000000020f124      0x1b4 board/rockchip/common/built-in.o
                0x000000000020f124                block_mmc_read
 .text.block_mmc_write
                0x000000000020f2d8      0x178 board/rockchip/common/built-in.o
                0x000000000020f2d8                block_mmc_write
 .text.new_mem_sdhci_host
                0x000000000020f450       0xe4 board/rockchip/common/built-in.o
                0x000000000020f450                new_mem_sdhci_host
 .text.mmc_get_capacity
                0x000000000020f534       0x14 board/rockchip/common/built-in.o
                0x000000000020f534                mmc_get_capacity
 .text.mmc_init
                0x000000000020f548       0x58 board/rockchip/common/built-in.o
                0x000000000020f548                mmc_init
 .text.sdhci_enhanced_strobe
                0x000000000020f5a0       0x24 board/rockchip/common/built-in.o
 .text.sdhci_reset.constprop.18
                0x000000000020f5c4       0x7c board/rockchip/common/built-in.o
 .text.sdhci_pre_init.constprop.11
                0x000000000020f640      0x224 board/rockchip/common/built-in.o
 .text.sdhci_cmd_done.constprop.17
                0x000000000020f864       0x68 board/rockchip/common/built-in.o
 .text.sdhci_init.part.7.constprop.22
                0x000000000020f8cc      0x160 board/rockchip/common/built-in.o
 .text.sdhci_update
                0x000000000020fa2c       0xe8 board/rockchip/common/built-in.o
 .text.timer_us
                0x000000000020fb14       0x40 board/rockchip/common/built-in.o
                0x000000000020fb14                timer_us
 .text.sdhci_send_command
                0x000000000020fb54      0x67c board/rockchip/common/built-in.o
 .text.sdhci_execute_tuning
                0x00000000002101d0      0x168 board/rockchip/common/built-in.o
 .text.sdhci_config_phy
                0x0000000000210338      0x110 board/rockchip/common/built-in.o
                0x0000000000210338                sdhci_config_phy
 .text.sdhci_set_clock.part.9.constprop.19
                0x0000000000210448      0x12c board/rockchip/common/built-in.o
 .text.sdhci_set_uhs_signaling
                0x0000000000210574       0xec board/rockchip/common/built-in.o
                0x0000000000210574                sdhci_set_uhs_signaling
 .text.sdhci_set_ios
                0x0000000000210660      0x1f0 board/rockchip/common/built-in.o
 .text.add_sdhci
                0x0000000000210850       0x50 board/rockchip/common/built-in.o
                0x0000000000210850                add_sdhci
 .text.SdmmcReinit
                0x00000000002108a0       0x9c board/rockchip/common/built-in.o
                0x00000000002108a0                SdmmcReinit
 .text.SdmmcInit
                0x000000000021093c      0x180 board/rockchip/common/built-in.o
                0x000000000021093c                SdmmcInit
 .text.SdmmcDeInit
                0x0000000000210abc        0x8 board/rockchip/common/built-in.o
                0x0000000000210abc                SdmmcDeInit
 .text.SdmmcBootWritePBA
                0x0000000000210ac4      0x104 board/rockchip/common/built-in.o
                0x0000000000210ac4                SdmmcBootWritePBA
 .text.SdmmcBootReadPBA
                0x0000000000210bc8      0x114 board/rockchip/common/built-in.o
                0x0000000000210bc8                SdmmcBootReadPBA
 .text.SdmmcBootReadLBA
                0x0000000000210cdc       0xb8 board/rockchip/common/built-in.o
                0x0000000000210cdc                SdmmcBootReadLBA
 .text.SdmmcBootWriteLBA
                0x0000000000210d94       0x40 board/rockchip/common/built-in.o
                0x0000000000210d94                SdmmcBootWriteLBA
 .text.SdmmcReadID
                0x0000000000210dd4       0x28 board/rockchip/common/built-in.o
                0x0000000000210dd4                SdmmcReadID
 .text.SdmmcReadFlashInfo
                0x0000000000210dfc       0xa0 board/rockchip/common/built-in.o
                0x0000000000210dfc                SdmmcReadFlashInfo
 .text.SdmmcGetCapacity
                0x0000000000210e9c       0x24 board/rockchip/common/built-in.o
                0x0000000000210e9c                SdmmcGetCapacity
 .text.SdmmcSysDataLoad
                0x0000000000210ec0       0x40 board/rockchip/common/built-in.o
                0x0000000000210ec0                SdmmcSysDataLoad
 .text.SdmmcSysDataStore
                0x0000000000210f00       0x40 board/rockchip/common/built-in.o
                0x0000000000210f00                SdmmcSysDataStore
 .text.SdmmcGetFwOffset
                0x0000000000210f40       0x28 board/rockchip/common/built-in.o
                0x0000000000210f40                SdmmcGetFwOffset
 .text.SdmmcGetSysOffset
                0x0000000000210f68       0x28 board/rockchip/common/built-in.o
                0x0000000000210f68                SdmmcGetSysOffset
 .text.SdmmcBootErase
                0x0000000000210f90        0x8 board/rockchip/common/built-in.o
                0x0000000000210f90                SdmmcBootErase
 .text.SdmmcGetSDCardBootMode
                0x0000000000210f98        0xc board/rockchip/common/built-in.o
                0x0000000000210f98                SdmmcGetSDCardBootMode
 .text.sdhci_block_read
                0x0000000000210fa4       0x3c board/rockchip/common/built-in.o
                0x0000000000210fa4                sdhci_block_read
 .text.sdhci_block_write
                0x0000000000210fe0       0x3c board/rockchip/common/built-in.o
                0x0000000000210fe0                sdhci_block_write
 .text.SdhciInit
                0x000000000021101c       0x60 board/rockchip/common/built-in.o
                0x000000000021101c                SdhciInit
 .text.SdhciBootWritePBA
                0x000000000021107c       0xd4 board/rockchip/common/built-in.o
                0x000000000021107c                SdhciBootWritePBA
 .text.SdhciBootReadPBA
                0x0000000000211150       0xe4 board/rockchip/common/built-in.o
                0x0000000000211150                SdhciBootReadPBA
 .text.SdhciBootWriteLBA
                0x0000000000211234        0xc board/rockchip/common/built-in.o
                0x0000000000211234                SdhciBootWriteLBA
 .text.SdhciBootReadLBA
                0x0000000000211240        0xc board/rockchip/common/built-in.o
                0x0000000000211240                SdhciBootReadLBA
 .text.SdhciReadID
                0x000000000021124c       0x28 board/rockchip/common/built-in.o
                0x000000000021124c                SdhciReadID
 .text.SdhciReadFlashInfo
                0x0000000000211274       0x5c board/rockchip/common/built-in.o
                0x0000000000211274                SdhciReadFlashInfo
 .text.SdhciGetCapacity
                0x00000000002112d0       0x10 board/rockchip/common/built-in.o
                0x00000000002112d0                SdhciGetCapacity
 .text.SdhciSysDataLoad
                0x00000000002112e0       0x10 board/rockchip/common/built-in.o
                0x00000000002112e0                SdhciSysDataLoad
 .text.SdhciSysDataStore
                0x00000000002112f0       0x10 board/rockchip/common/built-in.o
                0x00000000002112f0                SdhciSysDataStore
 .text.SdhciBootErase
                0x0000000000211300        0x8 board/rockchip/common/built-in.o
                0x0000000000211300                SdhciBootErase
 .text.SecureBootCheck
                0x0000000000211308       0x58 board/rockchip/common/built-in.o
                0x0000000000211308                SecureBootCheck
 .text.SecureBootUnlock
                0x0000000000211360       0x54 board/rockchip/common/built-in.o
                0x0000000000211360                SecureBootUnlock
 .text.SecureBootUnlockCheck
                0x00000000002113b4       0x10 board/rockchip/common/built-in.o
                0x00000000002113b4                SecureBootUnlockCheck
 .text.SecureBootLockLoader
                0x00000000002113c4        0x4 board/rockchip/common/built-in.o
                0x00000000002113c4                SecureBootLockLoader
 .text.SecureBootSetSysData2Kernel
                0x00000000002113c8       0x98 board/rockchip/common/built-in.o
                0x00000000002113c8                SecureBootSetSysData2Kernel
 .text.SecureBootImageCheck
                0x0000000000211460       0x18 board/rockchip/common/built-in.o
                0x0000000000211460                SecureBootImageCheck
 .text.SecureBootSecureState2Kernel
                0x0000000000211478       0x30 board/rockchip/common/built-in.o
                0x0000000000211478                SecureBootSecureState2Kernel
 .text.SecureNSModeVerifyLoader
                0x00000000002114a8       0x80 board/rockchip/common/built-in.o
 .text.SecureNSModeSignCheck
                0x0000000000211528       0x5c board/rockchip/common/built-in.o
 .text.SecureModeVerifyLoader
                0x0000000000211584        0x4 board/rockchip/common/built-in.o
                0x0000000000211584                SecureModeVerifyLoader
 .text.SecureModeVerifyUbootImage
                0x0000000000211588      0x144 board/rockchip/common/built-in.o
                0x0000000000211588                SecureModeVerifyUbootImage
 .text.SecureModeVerifyBootImage
                0x00000000002116cc      0x1dc board/rockchip/common/built-in.o
                0x00000000002116cc                SecureModeVerifyBootImage
 .text.SecureModeBootImageCheck
                0x00000000002118a8       0xa0 board/rockchip/common/built-in.o
                0x00000000002118a8                SecureModeBootImageCheck
 .text.SecureModeRSAKeyCheck
                0x0000000000211948       0x2c board/rockchip/common/built-in.o
                0x0000000000211948                SecureModeRSAKeyCheck
 .text.SecureModeLockLoader
                0x0000000000211974       0x38 board/rockchip/common/built-in.o
                0x0000000000211974                SecureModeLockLoader
 .text.SecureModeInit
                0x00000000002119ac      0x218 board/rockchip/common/built-in.o
                0x00000000002119ac                SecureModeInit
 .text.FW_ReIntForUpdate
                0x0000000000211bc4       0x40 board/rockchip/common/built-in.o
                0x0000000000211bc4                FW_ReIntForUpdate
 .text.FW_SorageLowFormatEn
                0x0000000000211c04        0xc board/rockchip/common/built-in.o
                0x0000000000211c04                FW_SorageLowFormatEn
 .text.FW_SorageLowFormat
                0x0000000000211c10       0x5c board/rockchip/common/built-in.o
                0x0000000000211c10                FW_SorageLowFormat
 .text.FW_StorageGetValid
                0x0000000000211c6c       0x10 board/rockchip/common/built-in.o
                0x0000000000211c6c                FW_StorageGetValid
 .text.FW_GetCurEraseBlock
                0x0000000000211c7c       0x28 board/rockchip/common/built-in.o
                0x0000000000211c7c                FW_GetCurEraseBlock
 .text.FW_GetTotleBlk
                0x0000000000211ca4       0x28 board/rockchip/common/built-in.o
                0x0000000000211ca4                FW_GetTotleBlk
 .text.StorageReadPba
                0x0000000000211ccc       0x3c board/rockchip/common/built-in.o
                0x0000000000211ccc                StorageReadPba
 .text.StorageWritePba
                0x0000000000211d08       0x3c board/rockchip/common/built-in.o
                0x0000000000211d08                StorageWritePba
 .text.StorageReadLba
                0x0000000000211d44       0x3c board/rockchip/common/built-in.o
                0x0000000000211d44                StorageReadLba
 .text.StorageWriteLba
                0x0000000000211d80       0x40 board/rockchip/common/built-in.o
                0x0000000000211d80                StorageWriteLba
 .text.StorageGetCapacity
                0x0000000000211dc0       0x2c board/rockchip/common/built-in.o
                0x0000000000211dc0                StorageGetCapacity
 .text.StorageSysDataLoad
                0x0000000000211dec       0x54 board/rockchip/common/built-in.o
                0x0000000000211dec                StorageSysDataLoad
 .text.StorageSysDataStore
                0x0000000000211e40       0x38 board/rockchip/common/built-in.o
                0x0000000000211e40                StorageSysDataStore
 .text.StorageUbootSysDataLoad
                0x0000000000211e78        0x8 board/rockchip/common/built-in.o
                0x0000000000211e78                StorageUbootSysDataLoad
 .text.StorageUbootSysDataStore
                0x0000000000211e80        0x8 board/rockchip/common/built-in.o
                0x0000000000211e80                StorageUbootSysDataStore
 .text.StorageVendorSysDataLoad
                0x0000000000211e88       0x78 board/rockchip/common/built-in.o
                0x0000000000211e88                StorageVendorSysDataLoad
 .text.StorageVendorSysDataStore
                0x0000000000211f00       0x6c board/rockchip/common/built-in.o
                0x0000000000211f00                StorageVendorSysDataStore
 .text.StorageReadFlashInfo
                0x0000000000211f6c       0x30 board/rockchip/common/built-in.o
                0x0000000000211f6c                StorageReadFlashInfo
 .text.StorageEraseBlock
                0x0000000000211f9c       0x48 board/rockchip/common/built-in.o
                0x0000000000211f9c                StorageEraseBlock
 .text.StorageGetBootMedia
                0x0000000000211fe4       0x10 board/rockchip/common/built-in.o
                0x0000000000211fe4                StorageGetBootMedia
 .text.StorageGetSDFwOffset
                0x0000000000211ff4       0x24 board/rockchip/common/built-in.o
                0x0000000000211ff4                StorageGetSDFwOffset
 .text.StorageGetSDSysOffset
                0x0000000000212018       0x24 board/rockchip/common/built-in.o
                0x0000000000212018                StorageGetSDSysOffset
 .text.StorageReadId
                0x000000000021203c       0x34 board/rockchip/common/built-in.o
                0x000000000021203c                StorageReadId
 .text.StorageSDCardUpdateMode
                0x0000000000212070       0x34 board/rockchip/common/built-in.o
                0x0000000000212070                StorageSDCardUpdateMode
 .text.vendor_storage_init
                0x00000000002120a4      0x174 board/rockchip/common/built-in.o
                0x00000000002120a4                vendor_storage_init
 .text.StorageInit
                0x0000000000212218       0xac board/rockchip/common/built-in.o
                0x0000000000212218                StorageInit
 .text.vendor_storage_read
                0x00000000002122c4       0x88 board/rockchip/common/built-in.o
                0x00000000002122c4                vendor_storage_read
 .text.vendor_storage_write
                0x000000000021234c      0x15c board/rockchip/common/built-in.o
                0x000000000021234c                vendor_storage_write
 .text.rkclk_set_apll_high
                0x00000000002124a8        0x4 board/rockchip/rk33xx/built-in.o
                0x00000000002124a8                rkclk_set_apll_high
 .text.board_lmb_reserve
                0x00000000002124ac       0x50 board/rockchip/rk33xx/built-in.o
                0x00000000002124ac                board_lmb_reserve
 .text.board_storage_init
                0x00000000002124fc       0x48 board/rockchip/rk33xx/built-in.o
                0x00000000002124fc                board_storage_init
 .text.board_init
                0x0000000000212544       0x24 board/rockchip/rk33xx/built-in.o
                0x0000000000212544                board_init
 .text.checkboard
                0x0000000000212568       0x2c board/rockchip/rk33xx/built-in.o
                0x0000000000212568                checkboard
 .text.arch_early_init_r
                0x0000000000212594       0x1c board/rockchip/rk33xx/built-in.o
                0x0000000000212594                arch_early_init_r
 .text.board_late_init
                0x00000000002125b0      0x16c board/rockchip/rk33xx/built-in.o
                0x00000000002125b0                board_late_init
 .text.ft_board_setup
                0x000000000021271c       0x58 board/rockchip/rk33xx/built-in.o
                0x000000000021271c                ft_board_setup
 .text.show_boot_progress
                0x0000000000212774        0x4 common/built-in.o
                0x0000000000212774                show_boot_progress
 .text.main_loop
                0x0000000000212778       0x40 common/built-in.o
                0x0000000000212778                main_loop
 .text.find_cmd_tbl
                0x00000000002127b8       0xc4 common/built-in.o
                0x00000000002127b8                find_cmd_tbl
 .text.find_cmd
                0x000000000021287c       0x24 common/built-in.o
                0x000000000021287c                find_cmd
 .text.cmd_usage
                0x00000000002128a0       0x68 common/built-in.o
                0x00000000002128a0                cmd_usage
 .text._do_help
                0x0000000000212908      0x1a8 common/built-in.o
                0x0000000000212908                _do_help
 .text.cmd_process
                0x0000000000212ab0       0xe0 common/built-in.o
                0x0000000000212ab0                cmd_process
 .text.dummy    0x0000000000212b90        0x4 common/built-in.o
 .text.get_version
                0x0000000000212b94        0x8 common/built-in.o
                0x0000000000212b94                get_version
 .text.jumptable_init
                0x0000000000212b9c      0x1a0 common/built-in.o
                0x0000000000212b9c                jumptable_init
 .text.b_reset  0x0000000000212d3c       0x18 common/built-in.o
 .text.static_get
                0x0000000000212d54       0x1c common/built-in.o
 .text.static_peek
                0x0000000000212d70        0xc common/built-in.o
 .text.file_peek
                0x0000000000212d7c        0xc common/built-in.o
 .text.syntax_err
                0x0000000000212d88        0xc common/built-in.o
 .text.free_pipe_list
                0x0000000000212d94       0xf8 common/built-in.o
 .text.xmalloc  0x0000000000212e8c       0x28 common/built-in.o
 .text.xrealloc
                0x0000000000212eb4       0x28 common/built-in.o
 .text.done_command
                0x0000000000212edc       0x94 common/built-in.o
 .text.done_pipe
                0x0000000000212f70       0x70 common/built-in.o
 .text.do_showvar
                0x0000000000212fe0      0x124 common/built-in.o
 .text.file_get
                0x0000000000213104      0x1f8 common/built-in.o
 .text.b_addchr
                0x00000000002132fc       0x90 common/built-in.o
 .text.b_addqchr
                0x000000000021338c       0x58 common/built-in.o
 .text.done_word
                0x00000000002133e4      0x2c0 common/built-in.o
 .text.get_local_var
                0x00000000002136a4       0x90 common/built-in.o
                0x00000000002136a4                get_local_var
 .text.set_local_var
                0x0000000000213734      0x1a4 common/built-in.o
                0x0000000000213734                set_local_var
 .text.insert_var_value_sub
                0x00000000002138d8      0x2bc common/built-in.o
 .text.parse_string_outer
                0x0000000000213b94       0xf4 common/built-in.o
                0x0000000000213b94                parse_string_outer
 .text.run_list_real
                0x0000000000213c88      0x7dc common/built-in.o
 .text.parse_stream_outer
                0x0000000000214464      0x720 common/built-in.o
 .text.parse_file_outer
                0x0000000000214b84       0x44 common/built-in.o
                0x0000000000214b84                parse_file_outer
 .text.u_boot_hush_start
                0x0000000000214bc8       0x5c common/built-in.o
                0x0000000000214bc8                u_boot_hush_start
 .text.run_command
                0x0000000000214c24        0x8 common/built-in.o
                0x0000000000214c24                run_command
 .text.run_command_list
                0x0000000000214c2c       0x84 common/built-in.o
                0x0000000000214c2c                run_command_list
 .text.cli_loop
                0x0000000000214cb0       0x10 common/built-in.o
                0x0000000000214cb0                cli_loop
 .text.cli_init
                0x0000000000214cc0        0x4 common/built-in.o
                0x0000000000214cc0                cli_init
 .text.delete_char.part.0
                0x0000000000214cc4       0xfc common/built-in.o
 .text.cli_readline_into_buffer
                0x0000000000214dc0      0x1f4 common/built-in.o
                0x0000000000214dc0                cli_readline_into_buffer
 .text.cli_readline
                0x0000000000214fb4       0x14 common/built-in.o
                0x0000000000214fb4                cli_readline
 .text.bootdelay_process
                0x0000000000214fc8       0x58 common/built-in.o
                0x0000000000214fc8                bootdelay_process
 .text.autoboot_command
                0x0000000000215020       0xe0 common/built-in.o
                0x0000000000215020                autoboot_command
 .text.display_text_info
                0x0000000000215100        0x8 common/built-in.o
 .text.setup_mon_len
                0x0000000000215108       0x20 common/built-in.o
 .text.setup_fdt
                0x0000000000215128        0x8 common/built-in.o
 .text.reserve_round_4k
                0x0000000000215130       0x14 common/built-in.o
 .text.reserve_mmu
                0x0000000000215144       0x34 common/built-in.o
 .text.reserve_lcd
                0x0000000000215178       0x1c common/built-in.o
 .text.reserve_trace
                0x0000000000215194        0x8 common/built-in.o
 .text.reserve_global_buffers
                0x000000000021519c       0x50 common/built-in.o
 .text.reserve_uboot
                0x00000000002151ec       0x2c common/built-in.o
 .text.reserve_malloc
                0x0000000000215218       0x18 common/built-in.o
 .text.setup_machine
                0x0000000000215230        0x8 common/built-in.o
 .text.reserve_global_data
                0x0000000000215238       0x1c common/built-in.o
 .text.reserve_fdt
                0x0000000000215254       0x48 common/built-in.o
 .text.display_new_sp
                0x000000000021529c        0x8 common/built-in.o
 .text.initf_malloc
                0x00000000002152a4        0x8 common/built-in.o
 .text.initf_dm
                0x00000000002152ac        0x8 common/built-in.o
 .text.setup_reloc
                0x00000000002152b4       0x30 common/built-in.o
 .text.reloc_fdt
                0x00000000002152e4       0x34 common/built-in.o
 .text.announce_dram_init
                0x0000000000215318       0x20 common/built-in.o
 .text.init_baud_rate
                0x0000000000215338       0x3c common/built-in.o
 .text.mark_bootstage
                0x0000000000215374       0x1c common/built-in.o
 .text.reserve_board
                0x0000000000215390       0x40 common/built-in.o
 .text.board_add_ram_info
                0x00000000002153d0        0x4 common/built-in.o
                0x00000000002153d0                board_add_ram_info
 .text.show_dram_config
                0x00000000002153d4       0x38 common/built-in.o
 .text.setup_dram_config
                0x000000000021540c       0x18 common/built-in.o
 .text.board_get_usable_ram_top
                0x0000000000215424        0x8 common/built-in.o
                0x0000000000215424                board_get_usable_ram_top
 .text.setup_dest_addr
                0x000000000021542c       0x48 common/built-in.o
 .text.reserve_stacks
                0x0000000000215474       0x1c common/built-in.o
 .text.board_init_f
                0x0000000000215490       0x4c common/built-in.o
                0x0000000000215490                board_init_f
 .text.bootstage_relocate
                0x00000000002154dc        0x8 common/built-in.o
 .text.initr_trace
                0x00000000002154e4        0x8 common/built-in.o
 .text.initr_reloc_global_data
                0x00000000002154ec       0x24 common/built-in.o
 .text.initr_barrier
                0x0000000000215510        0x8 common/built-in.o
 .text.power_init_board
                0x0000000000215518        0x8 common/built-in.o
                0x0000000000215518                power_init_board
 .text.initr_announce
                0x0000000000215520        0x8 common/built-in.o
 .text.run_main_loop
                0x0000000000215528       0x10 common/built-in.o
 .text.initr_enable_interrupts
                0x0000000000215538       0x18 common/built-in.o
 .text.initr_jumptable
                0x0000000000215550       0x18 common/built-in.o
 .text.initr_env
                0x0000000000215568       0x3c common/built-in.o
 .text.initr_rk_storage
                0x00000000002155a4       0x18 common/built-in.o
 .text.initr_serial
                0x00000000002155bc       0x18 common/built-in.o
 .text.initr_malloc
                0x00000000002155d4       0x2c common/built-in.o
 .text.initr_caches
                0x0000000000215600       0x18 common/built-in.o
 .text.initr_reloc
                0x0000000000215618       0x28 common/built-in.o
 .text.cpu_secondary_init_r
                0x0000000000215640        0x4 common/built-in.o
                0x0000000000215640                cpu_secondary_init_r
 .text.initr_secondary_cpu
                0x0000000000215644       0x18 common/built-in.o
 .text.board_init_r
                0x000000000021565c       0x18 common/built-in.o
                0x000000000021565c                board_init_r
 .text.show_board_info
                0x0000000000215674        0x4 common/built-in.o
                0x0000000000215674                show_board_info
 .text.do_go_exec
                0x0000000000215678       0x20 common/built-in.o
                0x0000000000215678                do_go_exec
 .text.do_go    0x0000000000215698       0x84 common/built-in.o
                0x0000000000215698                do_go
 .text.do_bootm
                0x000000000021571c      0x118 common/built-in.o
                0x000000000021571c                do_bootm
 .text.bootm_find_ramdisk_fdt
                0x0000000000215834       0xb4 common/built-in.o
                0x0000000000215834                bootm_find_ramdisk_fdt
 .text.do_bootm_states
                0x00000000002158e8      0x6e4 common/built-in.o
                0x00000000002158e8                do_bootm_states
 .text.do_bootm_standalone
                0x0000000000215fcc       0x74 common/built-in.o
 .text.arch_preboot_os
                0x0000000000216040        0x4 common/built-in.o
                0x0000000000216040                arch_preboot_os
 .text.boot_selected_os
                0x0000000000216044       0x78 common/built-in.o
                0x0000000000216044                boot_selected_os
 .text.bootm_os_get_boot_func
                0x00000000002160bc       0x10 common/built-in.o
                0x00000000002160bc                bootm_os_get_boot_func
 .text.do_help  0x00000000002160cc       0x3c common/built-in.o
 .text.do_version
                0x0000000000216108       0x48 common/built-in.o
 .text.env_attr_walk
                0x0000000000216150      0x12c common/built-in.o
                0x0000000000216150                env_attr_walk
 .text.env_attr_lookup
                0x000000000021627c      0x1a4 common/built-in.o
                0x000000000021627c                env_attr_lookup
 .text.clear_callback
                0x0000000000216420        0xc common/built-in.o
 .text.on_callbacks
                0x000000000021642c       0x58 common/built-in.o
 .text.set_callback
                0x0000000000216484       0xdc common/built-in.o
 .text.env_callback_init
                0x0000000000216560      0x100 common/built-in.o
                0x0000000000216560                env_callback_init
 .text.clear_flags
                0x0000000000216660        0xc common/built-in.o
 .text.on_flags
                0x000000000021666c       0x58 common/built-in.o
 .text.env_flags_parse_vartype
                0x00000000002166c4       0x64 common/built-in.o
                0x00000000002166c4                env_flags_parse_vartype
 .text.env_flags_parse_varaccess
                0x0000000000216728       0x60 common/built-in.o
                0x0000000000216728                env_flags_parse_varaccess
 .text.set_flags
                0x0000000000216788       0xac common/built-in.o
 .text.env_flags_init
                0x0000000000216834       0xc8 common/built-in.o
                0x0000000000216834                env_flags_init
 .text.env_flags_validate
                0x00000000002168fc      0x260 common/built-in.o
                0x00000000002168fc                env_flags_validate
 .text.env_init
                0x0000000000216b5c       0x1c common/built-in.o
                0x0000000000216b5c                env_init
 .text.saveenv  0x0000000000216b78       0xe8 common/built-in.o
                0x0000000000216b78                saveenv
 .text.env_relocate_spec
                0x0000000000216c60       0xc8 common/built-in.o
                0x0000000000216c60                env_relocate_spec
 .text.do_bmp   0x0000000000216d28       0x70 common/built-in.o
 .text.do_bmp_info
                0x0000000000216d98      0x108 common/built-in.o
 .text.bmp_display
                0x0000000000216ea0       0x40 common/built-in.o
                0x0000000000216ea0                bmp_display
 .text.do_bmp_display
                0x0000000000216ee0       0xc0 common/built-in.o
 .text.do_exit  0x0000000000216fa0       0x34 common/built-in.o
 .text.fdt_valid
                0x0000000000216fd4       0xcc common/built-in.o
 .text.is_printable_string.part.1
                0x00000000002170a0       0x88 common/built-in.o
 .text.print_data
                0x0000000000217128      0x1e8 common/built-in.o
 .text.set_working_fdt_addr
                0x0000000000217310       0x18 common/built-in.o
                0x0000000000217310                set_working_fdt_addr
 .text.do_fdt   0x0000000000217328      0xebc common/built-in.o
 .text.get_cells_len
                0x00000000002181e4       0x44 common/built-in.o
 .text.fdt_pack_reg
                0x0000000000218228       0xcc common/built-in.o
 .text.fdt_find_or_add_subnode.constprop.6
                0x00000000002182f4       0x80 common/built-in.o
 .text.fdt_getprop_u32_default_node
                0x0000000000218374       0x54 common/built-in.o
                0x0000000000218374                fdt_getprop_u32_default_node
 .text.fdt_find_and_setprop
                0x00000000002183c8       0x94 common/built-in.o
                0x00000000002183c8                fdt_find_and_setprop
 .text.fdt_initrd
                0x000000000021845c      0x1d0 common/built-in.o
                0x000000000021845c                fdt_initrd
 .text.fdt_chosen
                0x000000000021862c      0x130 common/built-in.o
                0x000000000021862c                fdt_chosen
 .text.do_fixup_by_path
                0x000000000021875c       0x4c common/built-in.o
                0x000000000021875c                do_fixup_by_path
 .text.do_fixup_by_path_u32
                0x00000000002187a8       0x28 common/built-in.o
                0x00000000002187a8                do_fixup_by_path_u32
 .text.fdt_fixup_memory_banks
                0x00000000002187d0      0x15c common/built-in.o
                0x00000000002187d0                fdt_fixup_memory_banks
 .text.fdt_fixup_memory
                0x000000000021892c       0x28 common/built-in.o
                0x000000000021892c                fdt_fixup_memory
 .text.fdt_update_reserved_memory
                0x0000000000218954       0xa0 common/built-in.o
                0x0000000000218954                fdt_update_reserved_memory
 .text.fdt_fixup_ethernet
                0x00000000002189f4      0x18c common/built-in.o
                0x00000000002189f4                fdt_fixup_ethernet
 .text.fdt_shrink_to_minimum
                0x0000000000218b80       0xc4 common/built-in.o
                0x0000000000218b80                fdt_shrink_to_minimum
 .text.fbt_dwc3_rx_handler
                0x0000000000218c44       0x30 common/built-in.o
                0x0000000000218c44                fbt_dwc3_rx_handler
 .text.fbt_dwc3_tx_handler
                0x0000000000218c74       0x30 common/built-in.o
                0x0000000000218c74                fbt_dwc3_tx_handler
 .text.getvar_version
                0x0000000000218ca4        0xc common/built-in.o
 .text.getvar_version_baseband
                0x0000000000218cb0        0xc common/built-in.o
 .text.getvar_version_bootloader
                0x0000000000218cbc        0xc common/built-in.o
 .text.getvar_unlocked
                0x0000000000218cc8       0x24 common/built-in.o
 .text.getvar_secure
                0x0000000000218cec       0x24 common/built-in.o
 .text.getvar_product
                0x0000000000218d10        0xc common/built-in.o
 .text.getvar_serialno
                0x0000000000218d1c        0xc common/built-in.o
 .text.str2wide
                0x0000000000218d28       0x98 common/built-in.o
 .text.getvar_checksum
                0x0000000000218dc0      0x15c common/built-in.o
 .text.getvar_partition_offset
                0x0000000000218f1c       0x60 common/built-in.o
 .text.getvar_partition_size
                0x0000000000218f7c       0x60 common/built-in.o
 .text.getvar_partition_type
                0x0000000000218fdc       0x78 common/built-in.o
 .text.fbt_handle_erase
                0x0000000000219054       0xdc common/built-in.o
 .text.fbt_write_bulk_ep
                0x0000000000219130       0x1c common/built-in.o
                0x0000000000219130                fbt_write_bulk_ep
 .text.fbt_handle_response
                0x000000000021914c       0x94 common/built-in.o
 .text.fbt_send_raw_info
                0x00000000002191e0       0xf4 common/built-in.o
 .text.fbt_handle_reboot
                0x00000000002192d4       0xb8 common/built-in.o
 .text.fbt_read_bulk_ep
                0x000000000021938c       0x20 common/built-in.o
                0x000000000021938c                fbt_read_bulk_ep
 .text.fbt_event_handler_for_dwc3
                0x00000000002193ac       0x5c common/built-in.o
                0x00000000002193ac                fbt_event_handler_for_dwc3
 .text.fbt_init_dwc3_udc_instance
                0x0000000000219408      0x1c4 common/built-in.o
                0x0000000000219408                fbt_init_dwc3_udc_instance
 .text.do_fastboot
                0x00000000002195cc      0xa58 common/built-in.o
 .text.fbt_fastboot_init
                0x000000000021a024      0x12c common/built-in.o
                0x000000000021a024                fbt_fastboot_init
 .text.do_bootrk
                0x000000000021a150      0x8f4 common/built-in.o
                0x000000000021a150                do_bootrk
 .text.dwc3_rx_handler
                0x000000000021aa44       0x28 common/built-in.o
                0x000000000021aa44                dwc3_rx_handler
 .text.dwc3_tx_handler
                0x000000000021aa6c       0x28 common/built-in.o
                0x000000000021aa6c                dwc3_tx_handler
 .text.rkusb_write_bulk_ep
                0x000000000021aa94       0x18 common/built-in.o
                0x000000000021aa94                rkusb_write_bulk_ep
 .text.rkusb_read_bulk_ep
                0x000000000021aaac       0x1c common/built-in.o
                0x000000000021aaac                rkusb_read_bulk_ep
 .text.rkusb_event_handler_for_dwc3
                0x000000000021aac8       0xe0 common/built-in.o
                0x000000000021aac8                rkusb_event_handler_for_dwc3
 .text.rkusb_send_csw
                0x000000000021aba8       0xac common/built-in.o
 .text.init_dwc3_udc_instance
                0x000000000021ac54      0x1e0 common/built-in.o
                0x000000000021ac54                init_dwc3_udc_instance
 .text.do_rockusb_cmd
                0x000000000021ae34      0x494 common/built-in.o
                0x000000000021ae34                do_rockusb_cmd
 .text.rkusb_handle_datarx
                0x000000000021b2c8      0x20c common/built-in.o
                0x000000000021b2c8                rkusb_handle_datarx
 .text.rkusb_handle_datatx
                0x000000000021b4d4      0x258 common/built-in.o
                0x000000000021b4d4                rkusb_handle_datatx
 .text.do_rockusb
                0x000000000021b72c      0x224 common/built-in.o
                0x000000000021b72c                do_rockusb
 .text.get_entry_ram
                0x000000000021b950      0x180 common/built-in.o
 .text.get_content_ram
                0x000000000021bad0       0x94 common/built-in.o
                0x000000000021bad0                get_content_ram
 .text.get_content
                0x000000000021bb64      0x268 common/built-in.o
                0x000000000021bb64                get_content
 .text.free_content
                0x000000000021bdcc       0x38 common/built-in.o
                0x000000000021bdcc                free_content
 .text.load_content_data
                0x000000000021be04       0x34 common/built-in.o
                0x000000000021be04                load_content_data
 .text.load_content
                0x000000000021be38       0x88 common/built-in.o
                0x000000000021be38                load_content
 .text.get_bmp_header
                0x000000000021bec0       0xc8 common/built-in.o
                0x000000000021bec0                get_bmp_header
 .text.load_bmp_content
                0x000000000021bf88       0xbc common/built-in.o
                0x000000000021bf88                load_bmp_content
 .text._show_resource_image
                0x000000000021c044      0x158 common/built-in.o
                0x000000000021c044                _show_resource_image
 .text.show_resource_image
                0x000000000021c19c       0x14 common/built-in.o
                0x000000000021c19c                show_resource_image
 .text.snip     0x000000000021c1b0       0x78 common/built-in.o
 .text.edid_check_info
                0x000000000021c228       0x5c common/built-in.o
                0x000000000021c228                edid_check_info
 .text.edid_get_timing
                0x000000000021c284      0x1d4 common/built-in.o
                0x000000000021c284                edid_get_timing
 .text.edid_print_info
                0x000000000021c458      0x61c common/built-in.o
                0x000000000021c458                edid_print_info
 .text.lcd_get_size
                0x000000000021ca74       0x2c common/built-in.o
                0x000000000021ca74                lcd_get_size
 .text.lcd_sync
                0x000000000021caa0       0x40 common/built-in.o
                0x000000000021caa0                lcd_sync
 .text.lcd_get_buffer
                0x000000000021cae0       0x30 common/built-in.o
                0x000000000021cae0                lcd_get_buffer
 .text.lcd_enable_logo
                0x000000000021cb10        0xc common/built-in.o
                0x000000000021cb10                lcd_enable_logo
 .text.rk_bitmap_from_resource
                0x000000000021cb1c       0x28 common/built-in.o
                0x000000000021cb1c                rk_bitmap_from_resource
 .text.bitmap_plot
                0x000000000021cb44      0x114 common/built-in.o
                0x000000000021cb44                bitmap_plot
 .text.lcd_clear
                0x000000000021cc58       0xa8 common/built-in.o
                0x000000000021cc58                lcd_clear
 .text.drv_lcd_init
                0x000000000021cd00       0x9c common/built-in.o
                0x000000000021cd00                drv_lcd_init
 .text.do_lcd_clear
                0x000000000021cd9c       0x18 common/built-in.o
 .text.lcd_display_bitmap
                0x000000000021cdb4      0x6b4 common/built-in.o
                0x000000000021cdb4                lcd_display_bitmap
 .text.lcd_display_bitmap_center
                0x000000000021d468       0xa0 common/built-in.o
                0x000000000021d468                lcd_display_bitmap_center
 .text.do_env_delete
                0x000000000021d508       0xb8 common/built-in.o
 .text.do_env_save
                0x000000000021d5c0       0x30 common/built-in.o
                0x000000000021d5c0                do_env_save
 .text.do_env   0x000000000021d5f0       0x78 common/built-in.o
 .text.env_print
                0x000000000021d668       0xcc common/built-in.o
 .text.do_env_print
                0x000000000021d734       0xe4 common/built-in.o
 .text.do_env_import
                0x000000000021d818      0x270 common/built-in.o
 .text.do_env_default
                0x000000000021da88       0x94 common/built-in.o
 .text._do_env_set.isra.1
                0x000000000021db1c      0x1c8 common/built-in.o
 .text.do_env_set
                0x000000000021dce4       0x1c common/built-in.o
 .text.setenv   0x000000000021dd00       0x54 common/built-in.o
                0x000000000021dd00                setenv
 .text.setenv_ulong
                0x000000000021dd54       0x2c common/built-in.o
                0x000000000021dd54                setenv_ulong
 .text.setenv_hex
                0x000000000021dd80       0x3c common/built-in.o
                0x000000000021dd80                setenv_hex
 .text.do_env_export
                0x000000000021ddbc      0x250 common/built-in.o
 .text.envmatch
                0x000000000021e00c       0x88 common/built-in.o
                0x000000000021e00c                envmatch
 .text.getenv_f
                0x000000000021e094       0xec common/built-in.o
                0x000000000021e094                getenv_f
 .text.getenv   0x000000000021e180       0x78 common/built-in.o
                0x000000000021e180                getenv
 .text.getenv_hex
                0x000000000021e1f8       0x48 common/built-in.o
                0x000000000021e1f8                getenv_hex
 .text.getenv_ulong
                0x000000000021e240       0x44 common/built-in.o
                0x000000000021e240                getenv_ulong
 .text.env_get_char_spec
                0x000000000021e284        0xc common/built-in.o
                0x000000000021e284                env_get_char_spec
 .text.env_get_addr
                0x000000000021e290       0x24 common/built-in.o
                0x000000000021e290                env_get_addr
 .text.env_get_char_memory
                0x000000000021e2b4       0x18 common/built-in.o
                0x000000000021e2b4                env_get_char_memory
 .text.env_get_char
                0x000000000021e2cc       0x2c common/built-in.o
                0x000000000021e2cc                env_get_char
 .text.getenv_yesno
                0x000000000021e2f8       0x4c common/built-in.o
                0x000000000021e2f8                getenv_yesno
 .text.getenv_default
                0x000000000021e344       0x3c common/built-in.o
                0x000000000021e344                getenv_default
 .text.set_default_env
                0x000000000021e380       0xb4 common/built-in.o
                0x000000000021e380                set_default_env
 .text.set_default_vars
                0x000000000021e434       0x2c common/built-in.o
                0x000000000021e434                set_default_vars
 .text.env_relocate
                0x000000000021e460       0x30 common/built-in.o
                0x000000000021e460                env_relocate
 .text.console_setfile
                0x000000000021e490       0xc4 common/built-in.o
 .text.serial_printf
                0x000000000021e554       0x90 common/built-in.o
                0x000000000021e554                serial_printf
 .text.puts     0x000000000021e5e4       0x40 common/built-in.o
                0x000000000021e5e4                puts
 .text.printf   0x000000000021e624       0x9c common/built-in.o
                0x000000000021e624                printf
 .text.putc     0x000000000021e6c0       0x44 common/built-in.o
                0x000000000021e6c0                putc
 .text.fgetc    0x000000000021e704       0x34 common/built-in.o
                0x000000000021e704                fgetc
 .text.getc     0x000000000021e738       0x24 common/built-in.o
                0x000000000021e738                getc
 .text.ftstc    0x000000000021e75c       0x34 common/built-in.o
                0x000000000021e75c                ftstc
 .text.tstc     0x000000000021e790       0x24 common/built-in.o
                0x000000000021e790                tstc
 .text.vprintf  0x000000000021e7b4       0x54 common/built-in.o
                0x000000000021e7b4                vprintf
 .text.ctrlc    0x000000000021e808       0x58 common/built-in.o
                0x000000000021e808                ctrlc
 .text.had_ctrlc
                0x000000000021e860        0xc common/built-in.o
                0x000000000021e860                had_ctrlc
 .text.clear_ctrlc
                0x000000000021e86c        0xc common/built-in.o
                0x000000000021e86c                clear_ctrlc
 .text.search_device
                0x000000000021e878       0x3c common/built-in.o
                0x000000000021e878                search_device
 .text.console_assign
                0x000000000021e8b4       0x60 common/built-in.o
                0x000000000021e8b4                console_assign
 .text.on_console
                0x000000000021e914       0xc4 common/built-in.o
 .text.console_init_f
                0x000000000021e9d8       0x10 common/built-in.o
                0x000000000021e9d8                console_init_f
 .text.console_init_r
                0x000000000021e9e8      0x180 common/built-in.o
                0x000000000021e9e8                console_init_r
 .text.sbrk     0x000000000021eb68       0x74 common/built-in.o
                0x000000000021eb68                sbrk
 .text.mem_malloc_init
                0x000000000021ebdc       0x28 common/built-in.o
                0x000000000021ebdc                mem_malloc_init
 .text.malloc_trim
                0x000000000021ec04       0xd4 common/built-in.o
                0x000000000021ec04                malloc_trim
 .text.free     0x000000000021ecd8      0x248 common/built-in.o
                0x000000000021ecd8                free
 .text.malloc   0x000000000021ef20      0x6a8 common/built-in.o
                0x000000000021ef20                malloc
 .text.calloc   0x000000000021f5c8       0xd8 common/built-in.o
                0x000000000021f5c8                calloc
 .text.realloc  0x000000000021f6a0      0x51c common/built-in.o
                0x000000000021f6a0                realloc
 .text.memalign
                0x000000000021fbbc      0x12c common/built-in.o
                0x000000000021fbbc                memalign
 .text.on_loadaddr
                0x000000000021fce8       0x38 common/built-in.o
 .text.image_check_hcrc
                0x000000000021fd20       0x50 common/built-in.o
                0x000000000021fd20                image_check_hcrc
 .text.image_check_dcrc
                0x000000000021fd70       0x44 common/built-in.o
                0x000000000021fd70                image_check_dcrc
 .text.image_multi_count
                0x000000000021fdb4       0x20 common/built-in.o
                0x000000000021fdb4                image_multi_count
 .text.image_multi_getimg
                0x000000000021fdd4       0xa0 common/built-in.o
                0x000000000021fdd4                image_multi_getimg
 .text.getenv_bootm_low
                0x000000000021fe74       0x30 common/built-in.o
                0x000000000021fe74                getenv_bootm_low
 .text.getenv_bootm_size
                0x000000000021fea4       0x5c common/built-in.o
                0x000000000021fea4                getenv_bootm_size
 .text.getenv_bootm_mapsize
                0x000000000021ff00       0x30 common/built-in.o
                0x000000000021ff00                getenv_bootm_mapsize
 .text.memmove_wd
                0x000000000021ff30       0x10 common/built-in.o
                0x000000000021ff30                memmove_wd
 .text.genimg_print_size
                0x000000000021ff40       0x38 common/built-in.o
                0x000000000021ff40                genimg_print_size
 .text.get_table_entry_name
                0x000000000021ff78       0x28 common/built-in.o
                0x000000000021ff78                get_table_entry_name
 .text.genimg_get_os_name
                0x000000000021ffa0       0x18 common/built-in.o
                0x000000000021ffa0                genimg_get_os_name
 .text.genimg_get_arch_name
                0x000000000021ffb8       0x18 common/built-in.o
                0x000000000021ffb8                genimg_get_arch_name
 .text.genimg_get_type_name
                0x000000000021ffd0       0x18 common/built-in.o
                0x000000000021ffd0                genimg_get_type_name
 .text.genimg_get_comp_name
                0x000000000021ffe8       0x18 common/built-in.o
                0x000000000021ffe8                genimg_get_comp_name
 .text.image_print_contents
                0x0000000000220000      0x19c common/built-in.o
                0x0000000000220000                image_print_contents
 .text.genimg_get_kernel_addr_fit
                0x000000000022019c       0x1c common/built-in.o
                0x000000000022019c                genimg_get_kernel_addr_fit
 .text.genimg_get_format
                0x00000000002201b8       0x40 common/built-in.o
                0x00000000002201b8                genimg_get_format
 .text.genimg_get_image
                0x00000000002201f8        0x4 common/built-in.o
                0x00000000002201f8                genimg_get_image
 .text.genimg_has_config
                0x00000000002201fc        0x8 common/built-in.o
                0x00000000002201fc                genimg_has_config
 .text.boot_get_ramdisk
                0x0000000000220204      0x234 common/built-in.o
                0x0000000000220204                boot_get_ramdisk
 .text.boot_ramdisk_high
                0x0000000000220438      0x138 common/built-in.o
                0x0000000000220438                boot_ramdisk_high
 .text.image_setup_linux
                0x0000000000220570       0x80 common/built-in.o
                0x0000000000220570                image_setup_linux
 .text.fdt_error
                0x00000000002205f0       0x38 common/built-in.o
 .text.boot_fdt_add_mem_rsv_regions
                0x0000000000220628       0x9c common/built-in.o
                0x0000000000220628                boot_fdt_add_mem_rsv_regions
 .text.boot_relocate_fdt
                0x00000000002206c4      0x1a4 common/built-in.o
                0x00000000002206c4                boot_relocate_fdt
 .text.boot_get_fdt
                0x0000000000220868      0x278 common/built-in.o
                0x0000000000220868                boot_get_fdt
 .text.ft_verify_fdt
                0x0000000000220ae0        0x8 common/built-in.o
                0x0000000000220ae0                ft_verify_fdt
 .text.image_setup_libfdt
                0x0000000000220ae8       0xf4 common/built-in.o
                0x0000000000220ae8                image_setup_libfdt
 .text.get_ram_size
                0x0000000000220bdc      0x118 common/built-in.o
                0x0000000000220bdc                get_ram_size
 .text.get_effective_memsize
                0x0000000000220cf4        0x8 common/built-in.o
                0x0000000000220cf4                get_effective_memsize
 .text.stdio_serial_tstc
                0x0000000000220cfc        0x4 common/built-in.o
 .text.stdio_serial_getc
                0x0000000000220d00        0x4 common/built-in.o
 .text.stdio_serial_puts
                0x0000000000220d04        0x8 common/built-in.o
 .text.stdio_serial_putc
                0x0000000000220d0c        0x8 common/built-in.o
 .text.stdio_get_by_name
                0x0000000000220d14       0x68 common/built-in.o
                0x0000000000220d14                stdio_get_by_name
 .text.stdio_clone
                0x0000000000220d7c       0x50 common/built-in.o
                0x0000000000220d7c                stdio_clone
 .text.stdio_register_dev
                0x0000000000220dcc       0x58 common/built-in.o
                0x0000000000220dcc                stdio_register_dev
 .text.stdio_register
                0x0000000000220e24        0x8 common/built-in.o
                0x0000000000220e24                stdio_register
 .text.stdio_init_tables
                0x0000000000220e2c       0x1c common/built-in.o
                0x0000000000220e2c                stdio_init_tables
 .text.stdio_add_devices
                0x0000000000220e48       0x78 common/built-in.o
                0x0000000000220e48                stdio_add_devices
 .text.get_panel_node.isra.1
                0x0000000000220ec0      0x11c drivers/built-in.o
 .text.display_init
                0x0000000000220fdc      0x54c drivers/built-in.o
 .text.connector_pclist_parse_dt
                0x0000000000221528      0x1d4 drivers/built-in.o
                0x0000000000221528                connector_pclist_parse_dt
 .text.connector_panel_power_prepare
                0x00000000002216fc       0x88 drivers/built-in.o
                0x00000000002216fc                connector_panel_power_prepare
 .text.display_logo
                0x0000000000221784      0x234 drivers/built-in.o
 .text.connector_panel_power_unprepare